PS C:\Users\Admin\Desktop\gitt> git init
PS C:\Users\Admin\Desktop\gitt> git status
On branch master

Untracked files:
  (use "git add <file>..." to include in what will be committed)
        first.py
nothing added to commit but untracked files present (use "git add" to track)
PS C:\Users\Admin\Desktop\gitt> git add
hint: Maybe you wanted to say 'git add .'?
hint: Disable this message with "git config set advice.addEmptyPathspec false"
PS C:\Users\Admin\Desktop\gitt> git add first.py
PS C:\Users\Admin\Desktop\gitt> git commit -m "first commit"
[master (root-commit) bec9af5] first commit
 create mode 100644 first.py
On branch master
commit bec9af59e28285184f2dc57ad2212a277c164352 (HEAD -> master)

    first commit
PS C:\Users\Admin\Desktop\gitt> git log --oneline
bec9af5 (HEAD -> master) first commit
PS C:\Users\Admin\Desktop\gitt> git branch
PS C:\Users\Admin\Desktop\gitt> git branch branch1
PS C:\Users\Admin\Desktop\gitt> git switch branch1
Switched to branch 'branch1'
PS C:\Users\Admin\Desktop\gitt> git status
On branch branch1
  (use "git restore --staged <file>..." to unstage)
        new file:   second.py

PS C:\Users\Admin\Desktop\gitt> git commit -m "second"
[branch1 4c95fac] second
 1 file changed, 1 insertion(+)
 create mode 100644 second.py
PS C:\Users\Admin\Desktop\gitt> git status
On branch branch1
nothing to commit, working tree clean
PS C:\Users\Admin\Desktop\gitt> git status --oneline
error: unknown option `oneline'
usage: git status [<options>] [--] [<pathspec>...]

    -v, --[no-]verbose    be verbose
    -s, --[no-]short      show status concisely
    -b, --[no-]branch     show branch information
    --[no-]show-stash     show stash information
    --[no-]ahead-behind   compute full ahead/behind values
    --[no-]porcelain[=<version>]
                          machine-readable output
    --[no-]long           show status in long format (default)
    -z, --[no-]null       terminate entries with NUL
    -u, --[no-]untracked-files[=<mode>]
                          show untracked files, optional modes: all, normal, no. (Default: all)
                          show ignored files, optional modes: traditional, matching, no. (Default: traditional)
    --[no-]ignore-submodules[=<when>]
    --[no-]column[=<style>]
                          list untracked files in columns
    --renames             opposite of --no-renames
                          detect renames, optionally set similarity index
PS C:\Users\Admin\Desktop\gitt> git log --oneline
4c95fac (HEAD -> branch1) second
bec9af5 (master) first commit
* branch1
PS C:\Users\Admin\Desktop\gitt> git switch master
PS C:\Users\Admin\Desktop\gitt> git switch -c branch2
Switched to a new branch 'branch2'
PS C:\Users\Admin\Desktop\gitt> git branch
  branch1
* branch2
PS C:\Users\Admin\Desktop\gitt> git checkout master
PS C:\Users\Admin\Desktop\gitt> git merge branch1
Updating bec9af5..4c95fac
Fast-forward
 second.py | 1 +
 1 file changed, 1 insertion(+)
 create mode 100644 second.py
PS C:\Users\Admin\Desktop\gitt> git branch -M main
PS C:\Users\Admin\Desktop\gitt> git remote add origin https://github.com/shridhar5me/gitry.git
PS C:\Users\Admin\Desktop\gitt> git push origin main
fatal: User cancelled dialog.
PS C:\Users\Admin\Desktop\gitt> git push origin main
info: please complete authentication in your browser...
Enumerating objects: 6, done.
Counting objects: 100% (6/6), done.
Delta compression using up to 8 threads
Compressing objects: 100% (3/3), done.
Writing objects: 100% (6/6), 501 bytes | 250.00 KiB/s, done.
Total 6 (delta 0), reused 0 (delta 0), pack-reused 0 (from 0)

PS C:\Users\Admin\Desktop\gitt> git init
Reinitialized existing Git repository in C:/Users/Admin/Desktop/gitt/.git/
PS C:\Users\Admin\Desktop\gitt> git add first.py
PS C:\Users\Admin\Desktop\gitt> git commit -m "added"
 1 file changed, 1 insertion(+)
PS C:\Users\Admin\Desktop\gitt> git push
fatal: The current branch main has no upstream branch.
To push the current branch and set the remote as upstream, use

    git push --set-upstream origin main

To have this happen automatically for branches without a tracking
upstream, see 'push.autoSetupRemote' in 'git help config'.

PS C:\Users\Admin\Desktop\gitt> git push --set-upstream origin main
Enumerating objects: 5, done.
Counting objects: 100% (5/5), done.
Delta compression using up to 8 threads
Compressing objects: 100% (2/2), done.
Writing objects: 100% (3/3), 338 bytes | 338.00 KiB/s, done.
Total 3 (delta 0), reused 0 (delta 0), pack-reused 0 (from 0)
To https://github.com/shridhar5me/gitry.git
   3dc638d..4267f42  main -> main
branch 'main' set up to track 'origin/main'.
PS C:\Users\Admin\Desktop\gitt> 